         285

1
4  
5 45 77 109

2
4  
6 46 78 110

3
4  
7 47 79 111

4
4  
8 48 80 112

5
4  
9 49 81 113

6
4  
10 50 82 114

7
4  
11 51 83 115

8
8  
12 29 52 61 84 93 116 125

9
8  
13 30 53 62 85 94 117 126

10
8  
14 31 54 63 86 95 118 127

11
8  
15 32 55 64 87 96 119 128

12
8  
16 33 56 65 88 97 120 129

13
8  
17 34 57 66 89 98 121 130

14
8 
18 35 58 67 90 99 122 131

15
8  
19 36 59 68 91 100 123 132

16
8  
20 37 60 69 92 101 124 133

17
5  
21 38 70 102 134 

18
5  
22 39 71 103 135

19
5  
23 40 72 104 136   

20
5  
24 41 73 105 137   

21
5  
25 42 74 106 138   

22
6  
26 43 75 107 139 141  

23
6  
27 44 76 108 140 142  

24
2  
28 143  

          27
 3
         144         405         664
  
          28
 3
         145         406         665
  
          29
 3
         146         407         666
  
          30
 3
         147         408         667
  
          31
 3
         148         409         668
  
          32
 3
         149         410         669
  
          33
 3
         150         411         670
  
          34
 3
         151         412         671
  
          35
 3
         152         413         672
  
          36
 3
         153         414         673
  
          37
 3
         154         415         674
  
          38
 3
         155         416         675
  
          39
 3
         156         417         676
  
          40
 3
         157         418         677
  
          41
 3
         158         419         678
  
          42
 3
         159         420         679
  
          43
 3
         160         421         680
  
          44
 3
         161         422         681
  
          45
 3
         162         423         682
  
          46
 3
         163         424         683
  
          47
 3
         164         425         684
  
          48
 3
         165         426         685
  
          49
 3
         166         427         686
  
          50
 3
         167         428         687
  
          51
 3
         168         429         688
  
          52
 3
         169         430         689
  
          53
 3
         170         431         690
  
          54
 3
         171         432         691
  
          55
 3
         172         433         692
  
          56
 3
         173         434         693
  
          57
 3
         174         435         694
  
          58
 3
         175         436         695
  
          59
 3
         176         437         696
  
          60
 3
         177         438         697
  
          61
 3
         178         439         698
  
          62
 3
         179         440         699
  
          63
 3
         180         441         700
  
 181
 1
 181
  
 182
 1
 182
  
         183
 3
         183         442         701
  
         184
 3
         184         443         702
  
         185
 3
         185         444         703
  
         186
 3
         186         445         704
  
         187
 3
         187         446         705
  
         188
 3
         188         447         706
  
         189
 3
         189         448         707
  
         190
 3
         190         449         708
  
         191
 3
         191         450         709
  
         192
 3
         192         451         710
  
         193
 3
         193         452         711
  
         194
 3
         194         453         712
  
         195
 3
         195         454         713
  
         196
 3
         196         455         714
  
         197
 3
         197         456         715
  
         198
 3
         198         457         716
  
         199
 3
         199         458         717
  
         200
 3
         200         459         718
  
         201
 3
         201         460         719
  
         202
 3
         202         461         720
  
         203
 3
         203         462         721
  
         204
 3
         204         463         722
  
         205
 3
         205         464         723
  
         206
 3
         206         465         724
  
         207
 3
         207         466         725
  
         208
 3
         208         467         726
  
         209
 3
         209         468         727
  
         210
 3
         210         469         728
  
         211
 3
         211         470         729
  
         212
 3
         212         471         730
  
         213
 3
         213         472         731
  
         214
 3
         214         473         732
  
         215
 3
         215         474         733
  
         216
 3
         216         475         734
  
         217
 3
         217         476         735
  
         218
 3
         218         477         736
  
         219
 3
         219         478         737
  
         220
 3
         220         479         738
  
         221
 3
         221         480         739
  
         222
 3
         222         481         740
  
         223
 3
         223         482         741
  
         224
 3
         224         483         742
  
         225
 3
         225         484         743
  
         226
 3
         226         485         744
  
         227
 3
         227         486         745
  
         228
 3
         228         487         746
  
         229
 3
         229         488         747
  
         230
 3
         230         489         748
  
         231
 3
         231         490         749
  
         232
 3
         232         491         750
  
         233
 3
         233         492         751
  
         234
 3
         234         493         752
  
         235
 3
         235         494         753
  
         236
 3
         236         495         754
  
         237
 3
         237         496         755
  
         238
 3
         238         497         756
  
         239
 3
         239         498         757
  
         240
 3
         240         499         758
  
         241
 3
         241         500         759
  
         242
 3
         242         501         760
  
         243
 3
         243         502         761
  
         244
 3
         244         503         762
  
         245
 3
         245         504         763
  
         246
 3
         246         505         764
  
         247
 3
         247         506         765
  
         248
 3
         248         507         766
  
         249
 3
         249         508         767
  
         250
 3
         250         509         768
  
         251
 3
         251         510         769
  
         252
 3
         252         511         770
  
         253
 3
         253         512         771
  
         254
 3
         254         513         772
  
         255
 3
         255         514         773
  
         256
 3
         256         515         774
  
         257
 3
         257         516         775
  
         258
 3
         258         517         776
  
         259
 3
         259         518         777
  
         260
 3
         260         519         778
  
         261
 3
         261         520         779
  
         262
 3
         262         521         780
  
         263
 3
         263         522         781
  
         264
 3
         264         523         782
  
         265
 3
         265         524         783
  
         266
 3
         266         525         784
  
         267
 3
         267         526         785
  
         268
 3
         268         527         786
  
         269
 3
         269         528         787
  
         270
 3
         270         529         788
  
         271
 3
         271         530         789
  
         272
 3
         272         531         790
  
         273
 3
         273         532         791
  
         274
 3
         274         533         792
  
         275
 3
         275         534         793
  
         276
 3
         276         535         794
  
         277
 3
         277         536         795
  
         278
 3
         278         537         796
  
         279
 3
         279         538         797
  
         280
 3
         280         539         798
  
         281
 3
         281         540         799
  
         282
 3
         282         541         800
  
         283
 3
         283         542         801
  
         284
 3
         284         543         802
  
         285
 3
         285         544         803
  
         286
 3
         286         545         804
  
         287
 3
         287         546         805
  
         288
 3
         288         547         806
  
         289
 3
         289         548         807
  
         290
 3
         290         549         808
  
         291
 3
         291         550         809
  
         292
 3
         292         551         810
  
         293
 3
         293         552         811
  
         294
 3
         294         553         812
  
         295
 3
         295         554         813
  
         296
 3
         296         555         814
  
         297
 3
         297         556         815
  
         298
 3
         298         557         816
  
         299
 3
         299         558         817
  
         300
 3
         300         559         818
  
         301
 3
         301         560         819
  
         302
 3
         302         561         820
  
         303
 3
         303         562         821
  
         304
 3
         304         563         822
  
         305
 3
         305         564         823
  
         306
 3
         306         565         824
  
         307
 3
         307         566         825
  
         308
 3
         308         567         826
  
         309
 3
         309         568         827
  
         310
 3
         310         569         828
  
         311
 3
         311         570         829
  
         312
 3
         312         571         830
  
         313
 3
         313         572         831
  
         314
 3
         314         573         832
  
         315
 3
         315         574         833
  
         316
 3
         316         575         834
  
         317
 3
         317         576         835
  
         318
 3
         318         577         836
  
         319
 3
         319         578         837
  
         320
 3
         320         579         838
  
         321
 3
         321         580         839
  
         322
 3
         322         581         840
  
         323
 3
         323         582         841
  
         324
 3
         324         583         842
  
         325
 3
         325         584         843
  
         326
 3
         326         585         844
  
         327
 3
         327         586         845
  
         328
 3
         328         587         846
  
         329
 3
         329         588         847
  
         330
 3
         330         589         848
  
         331
 3
         331         590         849
  
         332
 3
         332         591         850
  
         333
 3
         333         592         851
  
         334
 3
         334         593         852
  
         335
 3
         335         594         853
  
         336
 3
         336         595         854
  
         337
 3
         337         596         855
  
         338
 3
         338         597         856
  
         339
 3
         339         598         857
  
         340
 3
         340         599         858
  
         341
 3
         341         600         859
  
         342
 3
         342         601         860
  
         343
 3
         343         602         861
  
         344
 3
         344         603         862
  
         345
 3
         345         604         863
  
         346
 3
         346         605         864
  
         347
 3
         347         606         865
  
         348
 3
         348         607         866
  
         349
 3
         349         608         867
  
         350
 3
         350         609         868
  
         351
 3
         351         610         869
  
         352
 3
         352         611         870
  
         353
 3
         353         612         871
  
         354
 3
         354         613         872
  
         355
 3
         355         614         873
  
         356
 3
         356         615         874
  
         357
 3
         357         616         875
  
         358
 3
         358         617         876
  
         359
 3
         359         618         877
  
         360
 3
         360         619         878
  
         361
 3
         361         620         879
  
         362
 3
         362         621         880
  
         363
 3
         363         622         881
  
         364
 3
         364         623         882
  
         365
 3
         365         624         883
  
         366
 3
         366         625         884
  
         367
 3
         367         626         885
  
         368
 3
         368         627         886
  
         369
 3
         369         628         887
  
         370
 3
         370         629         888
  
         371
 3
         371         630         889
  
         372
 3
         372         631         890
  
         373
 3
         373         632         891
  
         374
 3
         374         633         892
  
         375
 3
         375         634         893
  
         376
 3
         376         635         894
  
         377
 3
         377         636         895
  
         378
 3
         378         637         896
  
         379
 3
         379         638         897
  
         380
 3
         380         639         898
  
         381
 3
         381         640         899
  
         382
 3
         382         641         900
  
         383
 3
         383         642         901
  
         384
 3
         384         643         902
  
         385
 3
         385         644         903
  
         386
 3
         386         645         904
  
         387
 3
         387         646         905
  
         388
 3
         388         647         906
  
         389
 3
         389         648         907
  
         390
 3
         390         649         908
  
         391
 3
         391         650         909
  
         392
 3
         392         651         910
  
         393
 3
         393         652         911
  
         394
 3
         394         653         912
  
         395
 3
         395         654         913
  
         396
 3
         396         655         914
  
         397
 3
         397         656         915
  
         398
 3
         398         657         916
  
         399
 3
         399         658         917
  
         400
 3
         400         659         918
  
         401
 3
         401         660         919
  
         402
 3
         402         661         920
  
         403
 3
         403         662         921
  
         404
 3
         404         663         922
  
